// Jest Snapshot v1, https://goo.gl/fbAQLP

exports[`Layout component Match snapshot 1`] = `
<div
  className="sc-fAjcbJ chDNXh"
>
  AA1
</div>
`;
